------------------------------------------------------------
TimeQuest Timing Analyzer Summary
------------------------------------------------------------

Type  : Slow Model Setup 'CLK_50M'
Slack : -4.345
TNS   : -52.223

Type  : Slow Model Setup 'divisor_clock:inst1|lpm_counter0:inst2|lpm_counter:LPM_COUNTER_component|cntr_e6j:auto_generated|safe_q[10]'
Slack : -3.550
TNS   : -59.868

Type  : Slow Model Setup 'IN_BOTAO'
Slack : 0.262
TNS   : 0.000

Type  : Slow Model Hold 'CLK_50M'
Slack : -2.856
TNS   : -25.148

Type  : Slow Model Hold 'divisor_clock:inst1|lpm_counter0:inst2|lpm_counter:LPM_COUNTER_component|cntr_e6j:auto_generated|safe_q[10]'
Slack : -0.754
TNS   : -11.007

Type  : Slow Model Hold 'IN_BOTAO'
Slack : 0.008
TNS   : 0.000

Type  : Slow Model Minimum Pulse Width 'CLK_50M'
Slack : -1.380
TNS   : -17.380

Type  : Slow Model Minimum Pulse Width 'IN_BOTAO'
Slack : -1.222
TNS   : -2.222

Type  : Slow Model Minimum Pulse Width 'divisor_clock:inst1|lpm_counter0:inst2|lpm_counter:LPM_COUNTER_component|cntr_e6j:auto_generated|safe_q[10]'
Slack : -0.500
TNS   : -18.000

Type  : Fast Model Setup 'CLK_50M'
Slack : -1.367
TNS   : -15.562

Type  : Fast Model Setup 'divisor_clock:inst1|lpm_counter0:inst2|lpm_counter:LPM_COUNTER_component|cntr_e6j:auto_generated|safe_q[10]'
Slack : -1.153
TNS   : -19.008

Type  : Fast Model Setup 'IN_BOTAO'
Slack : 0.489
TNS   : 0.000

Type  : Fast Model Hold 'CLK_50M'
Slack : -1.672
TNS   : -17.246

Type  : Fast Model Hold 'divisor_clock:inst1|lpm_counter0:inst2|lpm_counter:LPM_COUNTER_component|cntr_e6j:auto_generated|safe_q[10]'
Slack : -0.248
TNS   : -3.294

Type  : Fast Model Hold 'IN_BOTAO'
Slack : -0.109
TNS   : -0.109

Type  : Fast Model Minimum Pulse Width 'CLK_50M'
Slack : -1.380
TNS   : -17.380

Type  : Fast Model Minimum Pulse Width 'IN_BOTAO'
Slack : -1.222
TNS   : -2.222

Type  : Fast Model Minimum Pulse Width 'divisor_clock:inst1|lpm_counter0:inst2|lpm_counter:LPM_COUNTER_component|cntr_e6j:auto_generated|safe_q[10]'
Slack : -0.500
TNS   : -18.000

------------------------------------------------------------
